✔ solveGraph covers every ordered position and legal production action with typed storage (4338.492875ms)
✖ controlled ranks use ALL successors, maximum delay, cycle closure and first tied action (0.480917ms)
✖ complete graph ranks certify contact iff zero and the exact maximum-delay Bellman law (1.326167ms)
ℹ tests 3
ℹ suites 0
ℹ pass 1
ℹ fail 2
ℹ cancelled 0
ℹ skipped 0
ℹ todo 0
ℹ duration_ms 4370.225208

✖ failing tests:

test at scripts/test-avoidability.cjs:67:1
✖ controlled ranks use ALL successors, maximum delay, cycle closure and first tied action (0.480917ms)
  AssertionError [ERR_ASSERTION]: Expected values to be strictly equal:
  + actual - expected
  
  + 'undefined'
  - 'function'
  
      at TestContext.<anonymous> (/Users/tr/Projects/zombie-lab-solver/scripts/test-avoidability.cjs:68:10)
      at Test.runInAsyncScope (node:async_hooks:226:14)
      at Test.run (node:internal/test_runner/test:1402:25)
      at Test.processPendingSubtests (node:internal/test_runner/test:974:18)
      at Test.postRun (node:internal/test_runner/test:1542:19)
      at Test.run (node:internal/test_runner/test:1467:12)
      at async startSubtestAfterBootstrap (node:internal/test_runner/harness:387:3) {
    generatedMessage: true,
    code: 'ERR_ASSERTION',
    actual: 'undefined',
    expected: 'function',
    operator: 'strictEqual',
    diff: 'simple'
  }

test at scripts/test-avoidability.cjs:85:1
✖ complete graph ranks certify contact iff zero and the exact maximum-delay Bellman law (1.326167ms)
  AssertionError [ERR_ASSERTION]: The expression evaluated to a falsy value:
  
    assert.ok(g.ranks instanceof Int32Array)
  
      at TestContext.<anonymous> (/Users/tr/Projects/zombie-lab-solver/scripts/test-avoidability.cjs:87:10)
      at Test.runInAsyncScope (node:async_hooks:226:14)
      at Test.run (node:internal/test_runner/test:1402:25)
      at Test.processPendingSubtests (node:internal/test_runner/test:974:18)
      at Test.postRun (node:internal/test_runner/test:1542:19)
      at Test.run (node:internal/test_runner/test:1467:12)
      at async Test.processPendingSubtests (node:internal/test_runner/test:974:7) {
    generatedMessage: true,
    code: 'ERR_ASSERTION',
    actual: false,
    expected: true,
    operator: '==',
    diff: 'simple'
  }
