✖ solveGraph covers every ordered position and legal production action with typed storage (0.547459ms)
ℹ tests 1
ℹ suites 0
ℹ pass 0
ℹ fail 1
ℹ cancelled 0
ℹ skipped 0
ℹ todo 0
ℹ duration_ms 30.073458

✖ failing tests:

test at scripts/test-avoidability.cjs:26:1
✖ solveGraph covers every ordered position and legal production action with typed storage (0.547459ms)
  AssertionError [ERR_ASSERTION]: Exact avoidability builder exists
      at builder (/Users/tr/Projects/zombie-lab-solver/scripts/test-avoidability.cjs:15:10)
      at graph (/Users/tr/Projects/zombie-lab-solver/scripts/test-avoidability.cjs:24:47)
      at TestContext.<anonymous> (/Users/tr/Projects/zombie-lab-solver/scripts/test-avoidability.cjs:27:13)
      at Test.runInAsyncScope (node:async_hooks:226:14)
      at Test.run (node:internal/test_runner/test:1402:25)
      at Test.start (node:internal/test_runner/test:1262:17)
      at startSubtestAfterBootstrap (node:internal/test_runner/harness:387:17) {
    generatedMessage: false,
    code: 'ERR_ASSERTION',
    actual: false,
    expected: true,
    operator: '==',
    diff: 'simple'
  }
