✔ solveGraph covers every ordered position and legal production action with typed storage (4463.418042ms)
✔ controlled ranks use ALL successors, maximum delay, cycle closure and first tied action (0.360208ms)
✔ complete graph ranks certify contact iff zero and the exact maximum-delay Bellman law (8.882375ms)
✔ internal certificate checks reject incomplete, corrupted and noncanonical strategies (12.283417ms)
✔ certified traces replay actual production to first recurrence or rank-exact capture (5.571833ms)
✔ buildAvoidability preserves all 4761 legacy rows and separates impossibility from policy failures (14997.769333ms)
✔ all 30 depth disagreements identify the first actual action divergence and successor ranks (12.526208ms)
✔ witnesses are exactly the frozen ordered selection and every frame is a production transition (7.676833ms)
✖ wall-clock watchdog interrupts synchronous work and cannot exceed the preregistered bound (0.463958ms)
✖ CLI exports a complete rank certificate, safe browser data and exact resource receipts without cleaning neighbors (21.183708ms)
ℹ tests 10
ℹ suites 0
ℹ pass 8
ℹ fail 2
ℹ cancelled 0
ℹ skipped 0
ℹ todo 0
ℹ duration_ms 19562.861916

✖ failing tests:

test at scripts/test-avoidability.cjs:302:1
✖ wall-clock watchdog interrupts synchronous work and cannot exceed the preregistered bound (0.463958ms)
  AssertionError [ERR_ASSERTION]: Expected values to be strictly equal:
  + actual - expected
  
  + 'undefined'
  - 'function'
  
      at TestContext.<anonymous> (/Users/tr/Projects/zombie-lab-solver/scripts/test-avoidability.cjs:303:10)
      at Test.runInAsyncScope (node:async_hooks:226:14)
      at Test.run (node:internal/test_runner/test:1402:25)
      at Test.processPendingSubtests (node:internal/test_runner/test:974:18)
      at Test.postRun (node:internal/test_runner/test:1542:19)
      at Test.run (node:internal/test_runner/test:1467:12)
      at async Test.processPendingSubtests (node:internal/test_runner/test:974:7) {
    generatedMessage: true,
    code: 'ERR_ASSERTION',
    actual: 'undefined',
    expected: 'function',
    operator: 'strictEqual',
    diff: 'simple'
  }

test at scripts/test-avoidability.cjs:311:1
✖ CLI exports a complete rank certificate, safe browser data and exact resource receipts without cleaning neighbors (21.183708ms)
  AssertionError [ERR_ASSERTION]: Expected values to be strictly deep-equal:
  + actual - expected
  
    [
  -   'avoidability-certificate.json',
  -   'avoidability-data.js',
  -   'avoidability.json',
      'sentinel.txt'
    ]
  
      at TestContext.<anonymous> (/Users/tr/Projects/zombie-lab-solver/scripts/test-avoidability.cjs:320:12)
      at Test.runInAsyncScope (node:async_hooks:226:14)
      at Test.run (node:internal/test_runner/test:1402:25)
      at Test.processPendingSubtests (node:internal/test_runner/test:974:18)
      at Test.postRun (node:internal/test_runner/test:1542:19)
      at Test.run (node:internal/test_runner/test:1467:12)
      at async Test.processPendingSubtests (node:internal/test_runner/test:974:7) {
    generatedMessage: true,
    code: 'ERR_ASSERTION',
    actual: [ 'sentinel.txt' ],
    expected: [ 'avoidability-certificate.json', 'avoidability-data.js', 'avoidability.json', 'sentinel.txt' ],
    operator: 'deepStrictEqual',
    diff: 'simple'
  }
