✔ classifyRun records first ordered recurrence and capture-cycle-cutoff precedence (17.538875ms)
✔ paired sweep covers all 4830 starts and reproduces every frozen baseline row (1457.599667ms)
✔ CLI preserves neighbors, escapes metadata, repeats bytes and reports measured costs (2952.136583ms)
✔ two-transition choice scores survival before distance and keeps first sequence on ties (24.753375ms)
✔ step executes only the selected first action with an old-state zombie and real clock (64.381292ms)
✔ terminal normalization exactly matches baseline without consuming a tick (0.50075ms)
✔ independent checker accepts serialized proof and rejects corrupted certificates (2706.552542ms)
✔ CLI writes proof.json only, preserves preview files and propagates PREVIEW_COMMIT (4350.4685ms)
✔ graph and rank helpers close over a reachable overlapping terminal (19.0545ms)
✔ rank helper rejects cycles and missing successor states (0.211042ms)
✔ builder rejects nonstring commit metadata (0.114084ms)
✔ position is sufficient before cutoff, but the manual cap still stops a long witness (32.222542ms)
✔ complete finite certificate gives the exact production capture time for every distinct start (1652.846209ms)
✔ exhaustive sweep covers every distinct ordered start exactly once in row-major order (891.974458ms)
✔ CLI writes only the two safe data artifacts and preserves existing replay files (907.373334ms)
✔ single-start adjudicator preserves the baseline, initial capture, cutoff and frozen input (1.65ms)
✔ all and only adjacent starts capture at tick zero; both baseline rows capture at 73 (876.313958ms)
✔ fixed source and metadata repeat byte-for-byte without mutation or bulk trajectories (3482.447667ms)
✔ first occurrence uses both ordered positions and records a nonzero cycle start (0.595ms)
✔ capture precedes cycle, which precedes unresolved at the inclusive tick 10000 bound (5.364958ms)
✔ malformed progress, positions and terminal states are rejected rather than published (0.634709ms)
✔ unsafe or noninteger safety caps and nonstring metadata are rejected (2.368667ms)
✔ CLI output argument wins over environment and default is cwd/preview (2509.864917ms)
✔ initialState exposes the frozen classic global and independent coordinates (1.346333ms)
✔ resolveTick preserves simultaneous contact, legal overlap and terminal precedence (1.943667ms)
✔ greedy maximizes nearest OLD zombie distance with cardinal ties and old-state chasing (0.797667ms)
✔ depth1 uses survival then predicted nearest endpoint distance, ignoring real remaining cap (241.495875ms)
✔ depth2 changes only horizon, stops captured branches and replans after each real tick (1206.480083ms)
✔ classifyRun keys BOTH ordered zombies and prioritizes capture then first repeat then cap (2.228875ms)
✔ buildTwoZombies covers all frozen ordered starts and all uncached trajectories (11086.004459ms)
✔ all 69 colocated-zombie starts reduce frame-for-frame to unchanged single-zombie controls (224.653709ms)
✔ CLI writes only the two artifacts, preserves neighbors and safely escapes metadata (5502.283958ms)
PASS initial world is one human and one zombie on a bounded grid
PASS initial cardinal adjacency is caught before movement, even at the limit
PASS one pure tick uses the same old state for both decisions
PASS shared destination is caught and further ticks stop
PASS crossing remains caught, but initial adjacency now stops before a swap
PASS all four cardinal post-move adjacencies capture before the tick limit
PASS diagonal neighbors are not captured before or after simultaneous moves
PASS explicit tick limit stops exactly, with capture taking precedence
PASS existing contact stops without moving, including a one-cell board
PASS original default start reaches the manual cap and extended capture deterministically
PASS resolver rejects out-of-bounds, diagonal, fractional and long moves
PASS all starts on 1×1 through 4×4 boards stay bounded, pure and repeatable
PASS following and staying cannot evade existing cardinal adjacency
13/13 passed
✔ test-node.cjs (81.94525ms)
ℹ tests 33
ℹ suites 0
ℹ pass 33
ℹ fail 0
ℹ cancelled 0
ℹ skipped 0
ℹ todo 0
ℹ duration_ms 18307.17125
