✔ one tick rejects high-scoring immediate contact but preserves original logits (1.3855ms)
✔ all-unsafe fallback, first ties, terminal and clock semantics (0.362958ms)
✔ failure analysis separates first capture, delayed loss and no safe final action (0.165542ms)
✖ bounded synthetic evaluation retains every scalar and both complete witness endpoints (0.351834ms)
ℹ tests 4
ℹ suites 0
ℹ pass 3
ℹ fail 1
ℹ cancelled 0
ℹ skipped 0
ℹ todo 0
ℹ duration_ms 33.827583

✖ failing tests:

test at scripts/test-one-tick.cjs:34:1
✖ bounded synthetic evaluation retains every scalar and both complete witness endpoints (0.351834ms)
  AssertionError [ERR_ASSERTION]: Expected values to be strictly equal:
  + actual - expected
  
  + 'undefined'
  - 'function'
  
      at TestContext.<anonymous> (/Users/tr/Projects/zombie-lab-neural-one-tick/scripts/test-one-tick.cjs:36:10)
      at Test.runInAsyncScope (node:async_hooks:226:14)
      at Test.run (node:internal/test_runner/test:1402:25)
      at Test.processPendingSubtests (node:internal/test_runner/test:974:18)
      at Test.postRun (node:internal/test_runner/test:1542:19)
      at Test.run (node:internal/test_runner/test:1467:12)
      at async Test.processPendingSubtests (node:internal/test_runner/test:974:7) {
    generatedMessage: true,
    code: 'ERR_ASSERTION',
    actual: 'undefined',
    expected: 'function',
    operator: 'strictEqual',
    diff: 'simple'
  }
